// Jest Snapshot v1, https://jestjs.io/docs/snapshot-testing

exports[`<HomeScreen /> CustomText renders correctly 1`] = `
<Text>
  Some text
</Text>
`;
